2025-08-26 21:12:33 - INFO - ==================================================
2025-08-26 21:12:33 - INFO -   Arbitrage Bot Started in Simulation (Demo) Mode
2025-08-26 21:12:33 - INFO - ==================================================
2025-08-26 21:12:33 - INFO - Watching Symbol: BTC/USDT
2025-08-26 21:12:33 - INFO - Checking Exchanges: kraken, gateio, bitstamp
2025-08-26 21:12:33 - INFO - Minimum Profit Threshold: 0.1%
2025-08-26 21:12:33 - INFO - Check Interval: 60 seconds
2025-08-26 21:12:33 - INFO - Press Ctrl+C to stop the bot.
2025-08-26 21:12:33 - INFO - --------------------------------------------------
2025-08-26 21:12:33 - INFO - Starting new arbitrage check for BTC/USDT...
2025-08-26 21:12:46 - INFO - No arbitrage opportunities found in this cycle.
2025-08-26 21:12:46 - INFO - Check complete. Waiting for 60 seconds...
2025-08-26 21:13:46 - INFO - Starting new arbitrage check for BTC/USDT...
2025-08-26 21:13:59 - INFO - No arbitrage opportunities found in this cycle.
2025-08-26 21:13:59 - INFO - Check complete. Waiting for 60 seconds...
2025-08-26 21:14:59 - INFO - Starting new arbitrage check for BTC/USDT...
2025-08-26 21:15:13 - INFO - No arbitrage opportunities found in this cycle.
2025-08-26 21:15:13 - INFO - Check complete. Waiting for 60 seconds...
2025-08-26 21:16:13 - INFO - Starting new arbitrage check for BTC/USDT...
2025-08-26 21:16:26 - INFO - No arbitrage opportunities found in this cycle.
2025-08-26 21:16:26 - INFO - Check complete. Waiting for 60 seconds...
2025-08-26 21:17:26 - INFO - Starting new arbitrage check for BTC/USDT...
2025-08-26 21:17:39 - INFO - No arbitrage opportunities found in this cycle.
2025-08-26 21:17:39 - INFO - Check complete. Waiting for 60 seconds...
2025-08-26 21:18:39 - INFO - Starting new arbitrage check for BTC/USDT...
2025-08-26 21:18:52 - INFO - No arbitrage opportunities found in this cycle.
2025-08-26 21:18:52 - INFO - Check complete. Waiting for 60 seconds...
